Drill report for power supply.kicad_pcb
Created on 2026-07-30T07:31:43+0300

Copper Layer Stackup:
    =============================================================
    L1 :  F.Cu                      front
    L2 :  B.Cu                      back


Drill file 'power supply-PTH.drl' contains
    plated through holes:
    =============================================================
    T1  0.700mm  0.0276"  (4 holes)
    T2  0.800mm  0.0315"  (2 holes)
    T3  0.900mm  0.0354"  (2 holes)
    T4  1.000mm  0.0394"  (4 holes)
    T5  1.100mm  0.0433"  (8 holes)

    Total plated holes count 20


Drill file 'power supply-NPTH.drl' contains
    unplated through holes:
    =============================================================
    T1  3.200mm  0.1260"  (4 holes)

    Total unplated holes count 4
